189.79.121.101 - - [06/Feb/2014:15:53:50 -0200] "GET /tipografia-books/blob/master/Lorem_Ipsum-hedrabolso-1/TITULODOTEXTO28.tex HTTP/1.1" 200 53905 "http://revisao.tipografiadigital.com.br/tipografia-books/tree/master/Lorem_Ipsum-hedrabolso-1/" "Mozilla/5.0 (X11; Linux x86_64) AppleWebKit/537.36 (KHTML, like Gecko) Chrome/32.0.1700.77 Safari/537.36"
189.79.121.101 - - [06/Feb/2014:15:53:51 -0200] "GET /tipografia-books/commits/master/Lorem_Ipsum-hedrabolso-1/TITULODOTEXTO28.tex HTTP/1.1" 200 1590 "http://revisao.tipografiadigital.com.br/tipografia-books/blob/master/Lorem_Ipsum-hedrabolso-1/TITULODOTEXTO28.tex" "Mozilla/5.0 (X11; Linux x86_64) AppleWebKit/537.36 (KHTML, like Gecko) Chrome/32.0.1700.77 Safari/537.36"
201.81.180.247 - - [06/Feb/2014:15:53:56 -0200] "GET /tipografia-books/blob/master/Lorem_Ipsum-hedrabolso-1/TITULODOTEXTO28.tex HTTP/1.1" 200 53905 "http://revisao.tipografiadigital.com.br/tipografia-books/tree/master/Lorem_Ipsum-hedrabolso-1/" "Mozilla/5.0 (X11; Linux x86_64) AppleWebKit/537.31 (KHTML, like Gecko) Chrome/26.0.1410.63 Safari/537.31"
201.81.180.247 - - [06/Feb/2014:15:54:00 -0200] "GET /tipografia-books/commits/master/Lorem_Ipsum-hedrabolso-1/TITULODOTEXTO28.tex HTTP/1.1" 200 1590 "http://revisao.tipografiadigital.com.br/tipografia-books/blob/master/Lorem_Ipsum-hedrabolso-1/TITULODOTEXTO28.tex" "Mozilla/5.0 (X11; Linux x86_64) AppleWebKit/537.31 (KHTML, like Gecko) Chrome/26.0.1410.63 Safari/537.31"
189.79.121.101 - - [06/Feb/2014:15:54:07 -0200] "GET /tipografia-books/commit/d0b9605b23ee4bb6626c60177f8fd4a4a1c1dea4 HTTP/1.1" 200 14936 "http://revisao.tipografiadigital.com.br/tipografia-books/commits/master/Lorem_Ipsum-hedrabolso-1/TITULODOTEXTO28.tex" "Mozilla/5.0 (X11; Linux x86_64) AppleWebKit/537.36 (KHTML, like Gecko) Chrome/32.0.1700.77 Safari/537.36"
189.79.121.101 - - [06/Feb/2014:15:54:16 -0200] "GET /tipografia-books/commit/fcb717d5025e8b282fcbadfd015da126c3128ef7 HTTP/1.1" 200 448949 "http://revisao.tipografiadigital.com.br/tipografia-books/commits/master/Lorem_Ipsum-hedrabolso-1/TITULODOTEXTO28.tex" "Mozilla/5.0 (X11; Linux x86_64) AppleWebKit/537.36 (KHTML, like Gecko) Chrome/32.0.1700.77 Safari/537.36"
201.81.180.247 - - [06/Feb/2014:15:54:24 -0200] "GET /tipografia-books/commit/fcb717d5025e8b282fcbadfd015da126c3128ef7 HTTP/1.1" 200 448917 "http://revisao.tipografiadigital.com.br/tipografia-books/commits/master/Lorem_Ipsum-hedrabolso-1/TITULODOTEXTO28.tex" "Mozilla/5.0 (X11; Linux x86_64) AppleWebKit/537.31 (KHTML, like Gecko) Chrome/26.0.1410.63 Safari/537.31"
201.81.180.247 - - [06/Feb/2014:15:54:28 -0200] "GET /tipografia-books/commit/9efe4595bb40dd08d473d47a5754b44709eee5c6 HTTP/1.1" 200 156852 "http://revisao.tipografiadigital.com.br/tipografia-books/commits/master/Lorem_Ipsum-hedrabolso-1/TITULODOTEXTO28.tex" "Mozilla/5.0 (X11; Linux x86_64) AppleWebKit/537.31 (KHTML, like Gecko) Chrome/26.0.1410.63 Safari/537.31"
201.81.180.247 - - [06/Feb/2014:15:54:49 -0200] "GET /tipografia-books/tree/master/ HTTP/1.1" 200 2065 "http://revisao.tipografiadigital.com.br/tipografia-books/blob/master/Lorem_Ipsum-hedrabolso-1/TITULODOTEXTO28.tex" "Mozilla/5.0 (X11; Linux x86_64) AppleWebKit/537.31 (KHTML, like Gecko) Chrome/26.0.1410.63 Safari/537.31"
201.81.180.247 - - [06/Feb/2014:15:54:53 -0200] "GET /tipografia-books/tree/master/Camus_Caderno_1-hedrabolso-21/ HTTP/1.1" 200 1556 "http://revisao.tipografiadigital.com.br/tipografia-books/tree/master/" "Mozilla/5.0 (X11; Linux x86_64) AppleWebKit/537.31 (KHTML, like Gecko) Chrome/26.0.1410.63 Safari/537.31"
201.81.180.247 - - [06/Feb/2014:15:54:56 -0200] "GET /tipografia-books/blob/master/Camus_Caderno_1-hedrabolso-21/LIVRO.tex HTTP/1.1" 200 1552 "http://revisao.tipografiadigital.com.br/tipografia-books/tree/master/Camus_Caderno_1-hedrabolso-21/" "Mozilla/5.0 (X11; Linux x86_64) AppleWebKit/537.31 (KHTML, like Gecko) Chrome/26.0.1410.63 Safari/537.31"
201.81.180.247 - - [06/Feb/2014:15:55:06 -0200] "GET /tipografia-books/commits/master/Camus_Caderno_1-hedrabolso-21/LIVRO.tex HTTP/1.1" 200 1331 "http://revisao.tipografiadigital.com.br/tipografia-books/blob/master/Camus_Caderno_1-hedrabolso-21/LIVRO.tex" "Mozilla/5.0 (X11; Linux x86_64) AppleWebKit/537.31 (KHTML, like Gecko) Chrome/26.0.1410.63 Safari/537.31"
201.81.180.247 - - [06/Feb/2014:15:55:17 -0200] "GET /tipografia-books/commits/master/Camus_Caderno_1-hedrabolso-21/LIVRO.tex HTTP/1.1" 200 1331 "http://revisao.tipografiadigital.com.br/tipografia-books/blob/master/Camus_Caderno_1-hedrabolso-21/LIVRO.tex" "Mozilla/5.0 (X11; Linux x86_64) AppleWebKit/537.31 (KHTML, like Gecko) Chrome/26.0.1410.63 Safari/537.31"
201.81.180.247 - - [06/Feb/2014:15:55:17 -0200] "GET /tipografia-books/commits/master/Camus_Caderno_1-hedrabolso-21/LIVRO.tex HTTP/1.1" 200 1331 "http://revisao.tipografiadigital.com.br/tipografia-books/blob/master/Camus_Caderno_1-hedrabolso-21/LIVRO.tex" "Mozilla/5.0 (X11; Linux x86_64) AppleWebKit/537.31 (KHTML, like Gecko) Chrome/26.0.1410.63 Safari/537.31"
201.81.180.247 - - [06/Feb/2014:15:55:31 -0200] "GET / HTTP/1.1" 200 772 "http://revisao.tipografiadigital.com.br/tipografia-books/commits/master/Camus_Caderno_1-hedrabolso-21/LIVRO.tex" "Mozilla/5.0 (X11; Linux x86_64) AppleWebKit/537.31 (KHTML, like Gecko) Chrome/26.0.1410.63 Safari/537.31"
189.79.121.101 - - [06/Feb/2014:15:55:31 -0200] "GET /tipografia-books/commits/master HTTP/1.1" 200 2135 "http://revisao.tipografiadigital.com.br/tipografia-books/master/" "Mozilla/5.0 (X11; Linux x86_64) AppleWebKit/537.36 (KHTML, like Gecko) Chrome/32.0.1700.77 Safari/537.36"
201.81.180.247 - - [06/Feb/2014:15:55:32 -0200] "GET /tipografia-books/ HTTP/1.1" 200 2079 "http://revisao.tipografiadigital.com.br/" "Mozilla/5.0 (X11; Linux x86_64) AppleWebKit/537.31 (KHTML, like Gecko) Chrome/26.0.1410.63 Safari/537.31"
201.81.180.247 - - [06/Feb/2014:15:55:34 -0200] "GET /tipografia-books/commits/master HTTP/1.1" 200 2135 "http://revisao.tipografiadigital.com.br/tipografia-books/" "Mozilla/5.0 (X11; Linux x86_64) AppleWebKit/537.31 (KHTML, like Gecko) Chrome/26.0.1410.63 Safari/537.31"
201.81.180.247 - - [06/Feb/2014:15:55:41 -0200] "GET /tipografia-books/commit/6799d6adce0f736ab82fe0c05bde148a2219e1d4 HTTP/1.1" 200 12424 "http://revisao.tipografiadigital.com.br/tipografia-books/commits/master" "Mozilla/5.0 (X11; Linux x86_64) AppleWebKit/537.31 (KHTML, like Gecko) Chrome/26.0.1410.63 Safari/537.31"
201.81.180.247 - - [06/Feb/2014:15:55:58 -0200] "GET /tipografia-books/commits/master HTTP/1.1" 200 2140 "http://revisao.tipografiadigital.com.br/tipografia-books/commit/6799d6adce0f736ab82fe0c05bde148a2219e1d4" "Mozilla/5.0 (X11; Linux x86_64) AppleWebKit/537.31 (KHTML, like Gecko) Chrome/26.0.1410.63 Safari/537.31"
189.79.121.101 - - [06/Feb/2014:15:55:58 -0200] "GET /tipografia-books/commits/master HTTP/1.1" 200 2140 "http://revisao.tipografiadigital.com.br/tipografia-books/master/" "Mozilla/5.0 (X11; Linux x86_64) AppleWebKit/537.36 (KHTML, like Gecko) Chrome/32.0.1700.77 Safari/537.36"
189.79.121.101 - - [06/Feb/2014:15:55:59 -0200] "GET /web/css/style.css HTTP/1.1" 304 0 "http://revisao.tipografiadigital.com.br/" "Mozilla/5.0 (X11; Linux x86_64) AppleWebKit/537.36 (KHTML, like Gecko) Chrome/32.0.1700.77 Safari/537.36"
189.79.121.101 - - [06/Feb/2014:15:55:59 -0200] "GET /web/js/jquery.js HTTP/1.1" 304 0 "http://revisao.tipografiadigital.com.br/tipografia-books/commits/master" "Mozilla/5.0 (X11; Linux x86_64) AppleWebKit/537.36 (KHTML, like Gecko) Chrome/32.0.1700.77 Safari/537.36"
189.79.121.101 - - [06/Feb/2014:15:55:59 -0200] "GET /web/js/bootstrap.js HTTP/1.1" 304 0 "http://revisao.tipografiadigital.com.br/tipografia-books/commits/master" "Mozilla/5.0 (X11; Linux x86_64) AppleWebKit/537.36 (KHTML, like Gecko) Chrome/32.0.1700.77 Safari/537.36"
189.79.121.101 - - [06/Feb/2014:15:55:59 -0200] "GET /web/js/codemirror.js HTTP/1.1" 304 0 "http://revisao.tipografiadigital.com.br/tipografia-books/commits/master" "Mozilla/5.0 (X11; Linux x86_64) AppleWebKit/537.36 (KHTML, like Gecko) Chrome/32.0.1700.77 Safari/537.36"
189.79.121.101 - - [06/Feb/2014:15:55:59 -0200] "GET /web/js/main.js HTTP/1.1" 304 0 "http://revisao.tipografiadigital.com.br/tipografia-books/commits/master" "Mozilla/5.0 (X11; Linux x86_64) AppleWebKit/537.36 (KHTML, like Gecko) Chrome/32.0.1700.77 Safari/537.36"
189.79.121.101 - - [06/Feb/2014:15:55:59 -0200] "GET /web/js/showdown.js HTTP/1.1" 304 0 "http://revisao.tipografiadigital.com.br/tipografia-books/commits/master" "Mozilla/5.0 (X11; Linux x86_64) AppleWebKit/537.36 (KHTML, like Gecko) Chrome/32.0.1700.77 Safari/537.36"
189.79.121.101 - - [06/Feb/2014:15:55:59 -0200] "GET /web/img/glyphicons-halflings.png HTTP/1.1" 304 0 "http://revisao.tipografiadigital.com.br/tipografia-books/master/" "Mozilla/5.0 (X11; Linux x86_64) AppleWebKit/537.36 (KHTML, like Gecko) Chrome/32.0.1700.77 Safari/537.36"
201.81.180.247 - - [06/Feb/2014:15:56:08 -0200] "GET /tipografia-books/commit/a0b4b1e3b42ccff3000708acd550426b3c7816d8 HTTP/1.1" 200 2306 "http://revisao.tipografiadigital.com.br/tipografia-books/commits/master" "Mozilla/5.0 (X11; Linux x86_64) AppleWebKit/537.31 (KHTML, like Gecko) Chrome/26.0.1410.63 Safari/537.31"
201.81.180.247 - - [06/Feb/2014:15:56:13 -0200] "GET /tipografia-books/commit/a0b4b1e3b42ccff3000708acd550426b3c7816d8 HTTP/1.1" 200 2306 "http://revisao.tipografiadigital.com.br/tipografia-books/commits/master" "Mozilla/5.0 (X11; Linux x86_64) AppleWebKit/537.31 (KHTML, like Gecko) Chrome/26.0.1410.63 Safari/537.31"
201.81.180.247 - - [06/Feb/2014:15:56:16 -0200] "GET /tipografia-books/commit/a0b4b1e3b42ccff3000708acd550426b3c7816d8 HTTP/1.1" 200 2306 "http://revisao.tipografiadigital.com.br/tipografia-books/commits/master" "Mozilla/5.0 (X11; Linux x86_64) AppleWebKit/537.31 (KHTML, like Gecko) Chrome/26.0.1410.63 Safari/537.31"
201.81.180.247 - - [06/Feb/2014:15:56:16 -0200] "GET /web/css/style.css HTTP/1.1" 304 0 "http://revisao.tipografiadigital.com.br/tipografia-books/commit/a0b4b1e3b42ccff3000708acd550426b3c7816d8" "Mozilla/5.0 (X11; Linux x86_64) AppleWebKit/537.31 (KHTML, like Gecko) Chrome/26.0.1410.63 Safari/537.31"
201.81.180.247 - - [06/Feb/2014:15:56:16 -0200] "GET /web/js/jquery.js HTTP/1.1" 304 0 "http://revisao.tipografiadigital.com.br/tipografia-books/commit/a0b4b1e3b42ccff3000708acd550426b3c7816d8" "Mozilla/5.0 (X11; Linux x86_64) AppleWebKit/537.31 (KHTML, like Gecko) Chrome/26.0.1410.63 Safari/537.31"
201.81.180.247 - - [06/Feb/2014:15:56:16 -0200] "GET /web/js/bootstrap.js HTTP/1.1" 304 0 "http://revisao.tipografiadigital.com.br/tipografia-books/commit/a0b4b1e3b42ccff3000708acd550426b3c7816d8" "Mozilla/5.0 (X11; Linux x86_64) AppleWebKit/537.31 (KHTML, like Gecko) Chrome/26.0.1410.63 Safari/537.31"
201.81.180.247 - - [06/Feb/2014:15:56:16 -0200] "GET /web/js/codemirror.js HTTP/1.1" 304 0 "http://revisao.tipografiadigital.com.br/tipografia-books/commit/a0b4b1e3b42ccff3000708acd550426b3c7816d8" "Mozilla/5.0 (X11; Linux x86_64) AppleWebKit/537.31 (KHTML, like Gecko) Chrome/26.0.1410.63 Safari/537.31"
201.81.180.247 - - [06/Feb/2014:15:56:16 -0200] "GET /web/js/showdown.js HTTP/1.1" 304 0 "http://revisao.tipografiadigital.com.br/tipografia-books/commit/a0b4b1e3b42ccff3000708acd550426b3c7816d8" "Mozilla/5.0 (X11; Linux x86_64) AppleWebKit/537.31 (KHTML, like Gecko) Chrome/26.0.1410.63 Safari/537.31"
201.81.180.247 - - [06/Feb/2014:15:56:16 -0200] "GET /web/js/main.js HTTP/1.1" 304 0 "http://revisao.tipografiadigital.com.br/tipografia-books/commit/a0b4b1e3b42ccff3000708acd550426b3c7816d8" "Mozilla/5.0 (X11; Linux x86_64) AppleWebKit/537.31 (KHTML, like Gecko) Chrome/26.0.1410.63 Safari/537.31"
189.79.121.101 - - [06/Feb/2014:15:56:19 -0200] "GET /tipografia-books/commits/master HTTP/1.1" 200 2139 "http://revisao.tipografiadigital.com.br/tipografia-books/master/" "Mozilla/5.0 (X11; Linux x86_64) AppleWebKit/537.36 (KHTML, like Gecko) Chrome/32.0.1700.77 Safari/537.36"
189.79.121.101 - - [06/Feb/2014:15:56:20 -0200] "GET /web/js/jquery.js HTTP/1.1" 304 0 "http://revisao.tipografiadigital.com.br/tipografia-books/commits/master" "Mozilla/5.0 (X11; Linux x86_64) AppleWebKit/537.36 (KHTML, like Gecko) Chrome/32.0.1700.77 Safari/537.36"
189.79.121.101 - - [06/Feb/2014:15:56:20 -0200] "GET /web/css/style.css HTTP/1.1" 304 0 "http://revisao.tipografiadigital.com.br/" "Mozilla/5.0 (X11; Linux x86_64) AppleWebKit/537.36 (KHTML, like Gecko) Chrome/32.0.1700.77 Safari/537.36"
189.79.121.101 - - [06/Feb/2014:15:56:20 -0200] "GET /web/js/bootstrap.js HTTP/1.1" 304 0 "http://revisao.tipografiadigital.com.br/tipografia-books/commits/master" "Mozilla/5.0 (X11; Linux x86_64) AppleWebKit/537.36 (KHTML, like Gecko) Chrome/32.0.1700.77 Safari/537.36"
189.79.121.101 - - [06/Feb/2014:15:56:20 -0200] "GET /web/js/codemirror.js HTTP/1.1" 304 0 "http://revisao.tipografiadigital.com.br/tipografia-books/commits/master" "Mozilla/5.0 (X11; Linux x86_64) AppleWebKit/537.36 (KHTML, like Gecko) Chrome/32.0.1700.77 Safari/537.36"
189.79.121.101 - - [06/Feb/2014:15:56:20 -0200] "GET /web/js/showdown.js HTTP/1.1" 304 0 "http://revisao.tipografiadigital.com.br/tipografia-books/commits/master" "Mozilla/5.0 (X11; Linux x86_64) AppleWebKit/537.36 (KHTML, like Gecko) Chrome/32.0.1700.77 Safari/537.36"
189.79.121.101 - - [06/Feb/2014:15:56:20 -0200] "GET /web/js/main.js HTTP/1.1" 304 0 "http://revisao.tipografiadigital.com.br/tipografia-books/commits/master" "Mozilla/5.0 (X11; Linux x86_64) AppleWebKit/537.36 (KHTML, like Gecko) Chrome/32.0.1700.77 Safari/537.36"
189.79.121.101 - - [06/Feb/2014:15:56:20 -0200] "GET /web/img/glyphicons-halflings.png HTTP/1.1" 304 0 "http://revisao.tipografiadigital.com.br/tipografia-books/master/" "Mozilla/5.0 (X11; Linux x86_64) AppleWebKit/537.36 (KHTML, like Gecko) Chrome/32.0.1700.77 Safari/537.36"
201.81.180.247 - - [06/Feb/2014:15:56:20 -0200] "GET /tipografia-books/commits/a0b4b1e3b42ccff3000708acd550426b3c7816d8/Git-hedrabolso-29/TITULODOTEXTO67.tex HTTP/1.1" 200 1350 "http://revisao.tipografiadigital.com.br/tipografia-books/commit/a0b4b1e3b42ccff3000708acd550426b3c7816d8" "Mozilla/5.0 (X11; Linux x86_64) AppleWebKit/537.31 (KHTML, like Gecko) Chrome/26.0.1410.63 Safari/537.31"
189.79.121.101 - - [06/Feb/2014:15:56:22 -0200] "GET /tipografia-books/commit/cc5b8c41eaa50c45035021f2a37f28ccd2b6110f HTTP/1.1" 200 2808 "http://revisao.tipografiadigital.com.br/tipografia-books/commits/master" "Mozilla/5.0 (X11; Linux x86_64) AppleWebKit/537.36 (KHTML, like Gecko) Chrome/32.0.1700.77 Safari/537.36"
201.81.180.247 - - [06/Feb/2014:15:56:25 -0200] "GET /tipografia-books/commits/master HTTP/1.1" 200 2139 "http://revisao.tipografiadigital.com.br/tipografia-books/commit/6799d6adce0f736ab82fe0c05bde148a2219e1d4" "Mozilla/5.0 (X11; Linux x86_64) AppleWebKit/537.31 (KHTML, like Gecko) Chrome/26.0.1410.63 Safari/537.31"
189.79.121.101 - - [06/Feb/2014:15:56:27 -0200] "GET /tipografia-books/tree/master/ HTTP/1.1" 200 2079 "http://revisao.tipografiadigital.com.br/tipografia-books/commit/cc5b8c41eaa50c45035021f2a37f28ccd2b6110f" "Mozilla/5.0 (X11; Linux x86_64) AppleWebKit/537.36 (KHTML, like Gecko) Chrome/32.0.1700.77 Safari/537.36"
189.79.121.101 - - [06/Feb/2014:15:56:29 -0200] "GET /tipografia-books/tree/master/Git-hedrabolso-29/ HTTP/1.1" 200 1605 "http://revisao.tipografiadigital.com.br/tipografia-books/tree/master/" "Mozilla/5.0 (X11; Linux x86_64) AppleWebKit/537.36 (KHTML, like Gecko) Chrome/32.0.1700.77 Safari/537.36"
201.81.180.247 - - [06/Feb/2014:15:56:31 -0200] "GET /tipografia-books/commit/cc5b8c41eaa50c45035021f2a37f28ccd2b6110f HTTP/1.1" 200 2808 "http://revisao.tipografiadigital.com.br/tipografia-books/commits/master" "Mozilla/5.0 (X11; Linux x86_64) AppleWebKit/537.31 (KHTML, like Gecko) Chrome/26.0.1410.63 Safari/537.31"
189.79.121.101 - - [06/Feb/2014:15:56:33 -0200] "GET /tipografia-books/blob/master/Git-hedrabolso-29/TITULODOTEXTO67.tex HTTP/1.1" 200 1501 "http://revisao.tipografiadigital.com.br/tipografia-books/tree/master/Git-hedrabolso-29/" "Mozilla/5.0 (X11; Linux x86_64) AppleWebKit/537.36 (KHTML, like Gecko) Chrome/32.0.1700.77 Safari/537.36"
189.79.121.101 - - [06/Feb/2014:15:56:35 -0200] "GET /tipografia-books/commits/master/Git-hedrabolso-29/TITULODOTEXTO67.tex HTTP/1.1" 200 1449 "http://revisao.tipografiadigital.com.br/tipografia-books/blob/master/Git-hedrabolso-29/TITULODOTEXTO67.tex" "Mozilla/5.0 (X11; Linux x86_64) AppleWebKit/537.36 (KHTML, like Gecko) Chrome/32.0.1700.77 Safari/537.36"
189.79.121.101 - - [06/Feb/2014:15:56:41 -0200] "GET /tipografia-books/commit/cc5b8c41eaa50c45035021f2a37f28ccd2b6110f HTTP/1.1" 200 2808 "http://revisao.tipografiadigital.com.br/tipografia-books/commits/master/Git-hedrabolso-29/TITULODOTEXTO67.tex" "Mozilla/5.0 (X11; Linux x86_64) AppleWebKit/537.36 (KHTML, like Gecko) Chrome/32.0.1700.77 Safari/537.36"
201.81.180.247 - - [06/Feb/2014:15:56:43 -0200] "GET /tipografia-books/blob/cc5b8c41eaa50c45035021f2a37f28ccd2b6110f/Git-hedrabolso-29/TITULODOTEXTO67.tex HTTP/1.1" 200 1548 "http://revisao.tipografiadigital.com.br/tipografia-books/commit/cc5b8c41eaa50c45035021f2a37f28ccd2b6110f" "Mozilla/5.0 (X11; Linux x86_64) AppleWebKit/537.31 (KHTML, like Gecko) Chrome/26.0.1410.63 Safari/537.31"
189.79.121.101 - - [06/Feb/2014:15:57:04 -0200] "GET /tipografia-books/commit/a4cbbb815d935e453f16dffd102f5e01aa058272 HTTP/1.1" 200 2593 "http://revisao.tipografiadigital.com.br/tipografia-books/commits/master/Git-hedrabolso-29/TITULODOTEXTO67.tex" "Mozilla/5.0 (X11; Linux x86_64) AppleWebKit/537.36 (KHTML, like Gecko) Chrome/32.0.1700.77 Safari/537.36"
201.81.180.247 - - [06/Feb/2014:15:57:18 -0200] "GET /tipografia-books/commit/cc5b8c41eaa50c45035021f2a37f28ccd2b6110f HTTP/1.1" 200 2808 "http://revisao.tipografiadigital.com.br/tipografia-books/commits/master" "Mozilla/5.0 (X11; Linux x86_64) AppleWebKit/537.31 (KHTML, like Gecko) Chrome/26.0.1410.63 Safari/537.31"
189.79.121.101 - - [06/Feb/2014:15:57:21 -0200] "GET /tipografia-books/commit/cc5b8c41eaa50c45035021f2a37f28ccd2b6110f HTTP/1.1" 200 2808 "http://revisao.tipografiadigital.com.br/tipografia-books/commits/master/Git-hedrabolso-29/TITULODOTEXTO67.tex" "Mozilla/5.0 (X11; Linux x86_64) AppleWebKit/537.36 (KHTML, like Gecko) Chrome/32.0.1700.77 Safari/537.36"
201.81.180.247 - - [06/Feb/2014:15:57:25 -0200] "GET /tipografia-books/commit/cc5b8c41eaa50c45035021f2a37f28ccd2b6110f HTTP/1.1" 200 2808 "http://revisao.tipografiadigital.com.br/tipografia-books/commits/master" "Mozilla/5.0 (X11; Linux x86_64) AppleWebKit/537.31 (KHTML, like Gecko) Chrome/26.0.1410.63 Safari/537.31"
201.81.180.247 - - [06/Feb/2014:15:57:43 -0200] "GET /tipografia-books/commits/master HTTP/1.1" 200 2139 "http://revisao.tipografiadigital.com.br/tipografia-books/commit/cc5b8c41eaa50c45035021f2a37f28ccd2b6110f" "Mozilla/5.0 (X11; Linux x86_64) AppleWebKit/537.31 (KHTML, like Gecko) Chrome/26.0.1410.63 Safari/537.31"
189.79.121.101 - - [06/Feb/2014:15:57:44 -0200] "GET /tipografia-books/commit/a0b4b1e3b42ccff3000708acd550426b3c7816d8 HTTP/1.1" 200 2306 "http://revisao.tipografiadigital.com.br/tipografia-books/commits/master/Git-hedrabolso-29/TITULODOTEXTO67.tex" "Mozilla/5.0 (X11; Linux x86_64) AppleWebKit/537.36 (KHTML, like Gecko) Chrome/32.0.1700.77 Safari/537.36"
201.81.180.247 - - [06/Feb/2014:15:58:05 -0200] "GET /tipografia-books/commit/a0b4b1e3b42ccff3000708acd550426b3c7816d8 HTTP/1.1" 200 2306 "http://revisao.tipografiadigital.com.br/tipografia-books/commits/master" "Mozilla/5.0 (X11; Linux x86_64) AppleWebKit/537.31 (KHTML, like Gecko) Chrome/26.0.1410.63 Safari/537.31"
189.79.121.101 - - [06/Feb/2014:15:58:06 -0200] "GET /tipografia-books/commit/a0b4b1e3b42ccff3000708acd550426b3c7816d8 HTTP/1.1" 200 2306 "http://revisao.tipografiadigital.com.br/tipografia-books/commits/master/Git-hedrabolso-29/TITULODOTEXTO67.tex" "Mozilla/5.0 (X11; Linux x86_64) AppleWebKit/537.36 (KHTML, like Gecko) Chrome/32.0.1700.77 Safari/537.36"
189.79.121.101 - - [06/Feb/2014:15:58:12 -0200] "GET /tipografia-books/commit/a4cbbb815d935e453f16dffd102f5e01aa058272 HTTP/1.1" 200 2593 "http://revisao.tipografiadigital.com.br/tipografia-books/commits/master/Git-hedrabolso-29/TITULODOTEXTO67.tex" "Mozilla/5.0 (X11; Linux x86_64) AppleWebKit/537.36 (KHTML, like Gecko) Chrome/32.0.1700.77 Safari/537.36"
201.81.180.247 - - [06/Feb/2014:15:58:12 -0200] "GET /tipografia-books/commit/a4cbbb815d935e453f16dffd102f5e01aa058272 HTTP/1.1" 200 2593 "http://revisao.tipografiadigital.com.br/tipografia-books/commits/master" "Mozilla/5.0 (X11; Linux x86_64) AppleWebKit/537.31 (KHTML, like Gecko) Chrome/26.0.1410.63 Safari/537.31"
201.81.180.247 - - [06/Feb/2014:15:58:22 -0200] "GET /tipografia-books/commit/cc5b8c41eaa50c45035021f2a37f28ccd2b6110f HTTP/1.1" 200 2808 "http://revisao.tipografiadigital.com.br/tipografia-books/commits/master" "Mozilla/5.0 (X11; Linux x86_64) AppleWebKit/537.31 (KHTML, like Gecko) Chrome/26.0.1410.63 Safari/537.31"
189.79.121.101 - - [06/Feb/2014:15:58:23 -0200] "GET /tipografia-books/commit/cc5b8c41eaa50c45035021f2a37f28ccd2b6110f HTTP/1.1" 200 2808 "http://revisao.tipografiadigital.com.br/tipografia-books/commits/master/Git-hedrabolso-29/TITULODOTEXTO67.tex" "Mozilla/5.0 (X11; Linux x86_64) AppleWebKit/537.36 (KHTML, like Gecko) Chrome/32.0.1700.77 Safari/537.36"
189.79.121.101 - - [06/Feb/2014:15:58:31 -0200] "GET /tipografia-books/blob/cc5b8c41eaa50c45035021f2a37f28ccd2b6110f/Git-hedrabolso-29/TITULODOTEXTO67.tex HTTP/1.1" 200 1548 "http://revisao.tipografiadigital.com.br/tipografia-books/commit/cc5b8c41eaa50c45035021f2a37f28ccd2b6110f" "Mozilla/5.0 (X11; Linux x86_64) AppleWebKit/537.36 (KHTML, like Gecko) Chrome/32.0.1700.77 Safari/537.36"
189.79.121.101 - - [06/Feb/2014:15:58:37 -0200] "GET /tipografia-books/commit/a4cbbb815d935e453f16dffd102f5e01aa058272 HTTP/1.1" 200 2593 "http://revisao.tipografiadigital.com.br/tipografia-books/commits/master/Git-hedrabolso-29/TITULODOTEXTO67.tex" "Mozilla/5.0 (X11; Linux x86_64) AppleWebKit/537.36 (KHTML, like Gecko) Chrome/32.0.1700.77 Safari/537.36"
189.79.121.101 - - [06/Feb/2014:15:58:40 -0200] "GET /tipografia-books/commit/a0b4b1e3b42ccff3000708acd550426b3c7816d8 HTTP/1.1" 200 2306 "http://revisao.tipografiadigital.com.br/tipografia-books/commits/master/Git-hedrabolso-29/TITULODOTEXTO67.tex" "Mozilla/5.0 (X11; Linux x86_64) AppleWebKit/537.36 (KHTML, like Gecko) Chrome/32.0.1700.77 Safari/537.36"
189.79.121.101 - - [06/Feb/2014:15:58:43 -0200] "GET /tipografia-books/commit/cc5b8c41eaa50c45035021f2a37f28ccd2b6110f HTTP/1.1" 200 2808 "http://revisao.tipografiadigital.com.br/tipografia-books/commits/master/Git-hedrabolso-29/TITULODOTEXTO67.tex" "Mozilla/5.0 (X11; Linux x86_64) AppleWebKit/537.36 (KHTML, like Gecko) Chrome/32.0.1700.77 Safari/537.36"
201.81.180.247 - - [06/Feb/2014:16:00:49 -0200] "GET /tipografia-books/commit/cc5b8c41eaa50c45035021f2a37f28ccd2b6110f HTTP/1.1" 200 2808 "http://revisao.tipografiadigital.com.br/tipografia-books/commits/master" "Mozilla/5.0 (X11; Linux x86_64) AppleWebKit/537.31 (KHTML, like Gecko) Chrome/26.0.1410.63 Safari/537.31"
201.81.180.247 - - [06/Feb/2014:16:00:54 -0200] "GET /tipografia-books/commit/a4cbbb815d935e453f16dffd102f5e01aa058272 HTTP/1.1" 200 2593 "http://revisao.tipografiadigital.com.br/tipografia-books/commits/master" "Mozilla/5.0 (X11; Linux x86_64) AppleWebKit/537.31 (KHTML, like Gecko) Chrome/26.0.1410.63 Safari/537.31"
201.81.180.247 - - [06/Feb/2014:16:36:17 -0200] "GET /tipografia-books/blob/a4cbbb815d935e453f16dffd102f5e01aa058272/Git-hedrabolso-29/TITULODOTEXTO67.tex HTTP/1.1" 200 1532 "http://revisao.tipografiadigital.com.br/tipografia-books/commit/a4cbbb815d935e453f16dffd102f5e01aa058272" "Mozilla/5.0 (X11; Linux x86_64) AppleWebKit/537.31 (KHTML, like Gecko) Chrome/26.0.1410.63 Safari/537.31"
201.81.180.247 - - [06/Feb/2014:16:36:20 -0200] "GET /tipografia-books/commits/a4cbbb815d935e453f16dffd102f5e01aa058272/Git-hedrabolso-29/TITULODOTEXTO67.tex HTTP/1.1" 200 1407 "http://revisao.tipografiadigital.com.br/tipografia-books/blob/a4cbbb815d935e453f16dffd102f5e01aa058272/Git-hedrabolso-29/TITULODOTEXTO67.tex" "Mozilla/5.0 (X11; Linux x86_64) AppleWebKit/537.31 (KHTML, like Gecko) Chrome/26.0.1410.63 Safari/537.31"
201.81.180.247 - - [06/Feb/2014:16:36:26 -0200] "GET /tipografia-books/commit/a4cbbb815d935e453f16dffd102f5e01aa058272 HTTP/1.1" 200 2593 "http://revisao.tipografiadigital.com.br/tipografia-books/commits/a4cbbb815d935e453f16dffd102f5e01aa058272/Git-hedrabolso-29/TITULODOTEXTO67.tex" "Mozilla/5.0 (X11; Linux x86_64) AppleWebKit/537.31 (KHTML, like Gecko) Chrome/26.0.1410.63 Safari/537.31"
201.81.180.247 - - [06/Feb/2014:16:36:28 -0200] "GET /tipografia-books/blob/a4cbbb815d935e453f16dffd102f5e01aa058272/Git-hedrabolso-29/TITULODOTEXTO67.tex HTTP/1.1" 200 1532 "http://revisao.tipografiadigital.com.br/tipografia-books/commit/a4cbbb815d935e453f16dffd102f5e01aa058272" "Mozilla/5.0 (X11; Linux x86_64) AppleWebKit/537.31 (KHTML, like Gecko) Chrome/26.0.1410.63 Safari/537.31"
201.81.180.247 - - [06/Feb/2014:16:36:30 -0200] "GET /tipografia-books/commits/a4cbbb815d935e453f16dffd102f5e01aa058272/Git-hedrabolso-29/TITULODOTEXTO67.tex HTTP/1.1" 200 1407 "http://revisao.tipografiadigital.com.br/tipografia-books/blob/a4cbbb815d935e453f16dffd102f5e01aa058272/Git-hedrabolso-29/TITULODOTEXTO67.tex" "Mozilla/5.0 (X11; Linux x86_64) AppleWebKit/537.31 (KHTML, like Gecko) Chrome/26.0.1410.63 Safari/537.31"
201.81.180.247 - - [06/Feb/2014:16:36:31 -0200] "GET /tipografia-books/commit/a0b4b1e3b42ccff3000708acd550426b3c7816d8 HTTP/1.1" 200 2306 "http://revisao.tipografiadigital.com.br/tipografia-books/commits/a4cbbb815d935e453f16dffd102f5e01aa058272/Git-hedrabolso-29/TITULODOTEXTO67.tex" "Mozilla/5.0 (X11; Linux x86_64) AppleWebKit/537.31 (KHTML, like Gecko) Chrome/26.0.1410.63 Safari/537.31"
201.81.180.247 - - [06/Feb/2014:16:36:33 -0200] "GET /tipografia-books/blob/a0b4b1e3b42ccff3000708acd550426b3c7816d8/Git-hedrabolso-29/TITULODOTEXTO67.tex HTTP/1.1" 200 1522 "http://revisao.tipografiadigital.com.br/tipografia-books/commit/a0b4b1e3b42ccff3000708acd550426b3c7816d8" "Mozilla/5.0 (X11; Linux x86_64) AppleWebKit/537.31 (KHTML, like Gecko) Chrome/26.0.1410.63 Safari/537.31"
201.81.180.247 - - [06/Feb/2014:16:36:35 -0200] "GET /tipografia-books/commits/a0b4b1e3b42ccff3000708acd550426b3c7816d8/Git-hedrabolso-29/TITULODOTEXTO67.tex HTTP/1.1" 200 1350 "http://revisao.tipografiadigital.com.br/tipografia-books/blob/a0b4b1e3b42ccff3000708acd550426b3c7816d8/Git-hedrabolso-29/TITULODOTEXTO67.tex" "Mozilla/5.0 (X11; Linux x86_64) AppleWebKit/537.31 (KHTML, like Gecko) Chrome/26.0.1410.63 Safari/537.31"
201.81.180.247 - - [06/Feb/2014:16:36:36 -0200] "GET /tipografia-books/commit/a0b4b1e3b42ccff3000708acd550426b3c7816d8 HTTP/1.1" 200 2306 "http://revisao.tipografiadigital.com.br/tipografia-books/commits/a0b4b1e3b42ccff3000708acd550426b3c7816d8/Git-hedrabolso-29/TITULODOTEXTO67.tex" "Mozilla/5.0 (X11; Linux x86_64) AppleWebKit/537.31 (KHTML, like Gecko) Chrome/26.0.1410.63 Safari/537.31"
201.81.180.247 - - [06/Feb/2014:16:36:38 -0200] "GET /tipografia-books/commits/a0b4b1e3b42ccff3000708acd550426b3c7816d8/Git-hedrabolso-29/TITULODOTEXTO67.tex HTTP/1.1" 200 1350 "http://revisao.tipografiadigital.com.br/tipografia-books/commit/a0b4b1e3b42ccff3000708acd550426b3c7816d8" "Mozilla/5.0 (X11; Linux x86_64) AppleWebKit/537.31 (KHTML, like Gecko) Chrome/26.0.1410.63 Safari/537.31"
201.81.180.247 - - [06/Feb/2014:16:36:40 -0200] "GET /tipografia-books/commit/a0b4b1e3b42ccff3000708acd550426b3c7816d8 HTTP/1.1" 200 2306 "http://revisao.tipografiadigital.com.br/tipografia-books/commits/a0b4b1e3b42ccff3000708acd550426b3c7816d8/Git-hedrabolso-29/TITULODOTEXTO67.tex" "Mozilla/5.0 (X11; Linux x86_64) AppleWebKit/537.31 (KHTML, like Gecko) Chrome/26.0.1410.63 Safari/537.31"
201.81.180.247 - - [06/Feb/2014:16:36:48 -0200] "GET /tipografia-books/a0b4b1e3b42ccff3000708acd550426b3c7816d8/ HTTP/1.1" 200 2141 "http://revisao.tipografiadigital.com.br/tipografia-books/commit/a0b4b1e3b42ccff3000708acd550426b3c7816d8" "Mozilla/5.0 (X11; Linux x86_64) AppleWebKit/537.31 (KHTML, like Gecko) Chrome/26.0.1410.63 Safari/537.31"
201.81.180.247 - - [06/Feb/2014:16:36:52 -0200] "GET /tipografia-books/tree/a0b4b1e3b42ccff3000708acd550426b3c7816d8/Franklin_Entre_duas_universidades-tales-15/ HTTP/1.1" 200 1794 "http://revisao.tipografiadigital.com.br/tipografia-books/a0b4b1e3b42ccff3000708acd550426b3c7816d8/" "Mozilla/5.0 (X11; Linux x86_64) AppleWebKit/537.31 (KHTML, like Gecko) Chrome/26.0.1410.63 Safari/537.31"
201.81.180.247 - - [06/Feb/2014:16:37:03 -0200] "GET /tipografia-books/tree/a0b4b1e3b42ccff3000708acd550426b3c7816d8/Freud-hedrabolso-4/ HTTP/1.1" 200 1701 "http://revisao.tipografiadigital.com.br/tipografia-books/a0b4b1e3b42ccff3000708acd550426b3c7816d8/" "Mozilla/5.0 (X11; Linux x86_64) AppleWebKit/537.31 (KHTML, like Gecko) Chrome/26.0.1410.63 Safari/537.31"
201.81.180.247 - - [06/Feb/2014:16:37:18 -0200] "GET /tipografia-books/tree/a0b4b1e3b42ccff3000708acd550426b3c7816d8/Lorem_Ipsum-hedrabolso-1/ HTTP/1.1" 200 1781 "http://revisao.tipografiadigital.com.br/tipografia-books/a0b4b1e3b42ccff3000708acd550426b3c7816d8/" "Mozilla/5.0 (X11; Linux x86_64) AppleWebKit/537.31 (KHTML, like Gecko) Chrome/26.0.1410.63 Safari/537.31"
201.81.180.247 - - [06/Feb/2014:16:37:22 -0200] "GET /tipografia-books/commits/a0b4b1e3b42ccff3000708acd550426b3c7816d8 HTTP/1.1" 200 2148 "http://revisao.tipografiadigital.com.br/tipografia-books/tree/a0b4b1e3b42ccff3000708acd550426b3c7816d8/Lorem_Ipsum-hedrabolso-1/" "Mozilla/5.0 (X11; Linux x86_64) AppleWebKit/537.31 (KHTML, like Gecko) Chrome/26.0.1410.63 Safari/537.31"
201.81.180.247 - - [06/Feb/2014:16:37:40 -0200] "GET /tipografia-books/commit/a0b4b1e3b42ccff3000708acd550426b3c7816d8 HTTP/1.1" 200 2306 "http://revisao.tipografiadigital.com.br/tipografia-books/commits/a0b4b1e3b42ccff3000708acd550426b3c7816d8" "Mozilla/5.0 (X11; Linux x86_64) AppleWebKit/537.31 (KHTML, like Gecko) Chrome/26.0.1410.63 Safari/537.31"
201.81.180.247 - - [06/Feb/2014:16:37:48 -0200] "GET /tipografia-books/commit/6799d6adce0f736ab82fe0c05bde148a2219e1d4 HTTP/1.1" 200 12424 "http://revisao.tipografiadigital.com.br/tipografia-books/commits/a0b4b1e3b42ccff3000708acd550426b3c7816d8" "Mozilla/5.0 (X11; Linux x86_64) AppleWebKit/537.31 (KHTML, like Gecko) Chrome/26.0.1410.63 Safari/537.31"
201.81.180.247 - - [06/Feb/2014:16:38:15 -0200] "GET /tipografia-books/commit/a0b4b1e3b42ccff3000708acd550426b3c7816d8 HTTP/1.1" 200 2306 "http://revisao.tipografiadigital.com.br/tipografia-books/commits/a0b4b1e3b42ccff3000708acd550426b3c7816d8" "Mozilla/5.0 (X11; Linux x86_64) AppleWebKit/537.31 (KHTML, like Gecko) Chrome/26.0.1410.63 Safari/537.31"
201.81.180.247 - - [06/Feb/2014:16:38:32 -0200] "GET /tipografia-books/commit/ca79ca10e7144983559634e718923c8b4c47d61f HTTP/1.1" 200 1867 "http://revisao.tipografiadigital.com.br/tipografia-books/commits/a0b4b1e3b42ccff3000708acd550426b3c7816d8" "Mozilla/5.0 (X11; Linux x86_64) AppleWebKit/537.31 (KHTML, like Gecko) Chrome/26.0.1410.63 Safari/537.31"
201.81.180.247 - - [06/Feb/2014:16:39:07 -0200] "GET /tipografia-books/master/ HTTP/1.1" 200 2079 "http://revisao.tipografiadigital.com.br/tipografia-books/commit/ca79ca10e7144983559634e718923c8b4c47d61f" "Mozilla/5.0 (X11; Linux x86_64) AppleWebKit/537.31 (KHTML, like Gecko) Chrome/26.0.1410.63 Safari/537.31"
201.81.180.247 - - [06/Feb/2014:16:39:29 -0200] "GET /tipografia-books/tree/master/Fichte-hedrabolso-16/ HTTP/1.1" 200 1737 "http://revisao.tipografiadigital.com.br/tipografia-books/master/" "Mozilla/5.0 (X11; Linux x86_64) AppleWebKit/537.31 (KHTML, like Gecko) Chrome/26.0.1410.63 Safari/537.31"
201.81.180.247 - - [06/Feb/2014:16:41:04 -0200] "GET /tipografia-books/tree/master/Freud-hedrabolso-4/ HTTP/1.1" 200 1643 "http://revisao.tipografiadigital.com.br/tipografia-books/master/" "Mozilla/5.0 (X11; Linux x86_64) AppleWebKit/537.31 (KHTML, like Gecko) Chrome/26.0.1410.63 Safari/537.31"
201.81.180.247 - - [06/Feb/2014:16:41:10 -0200] "GET /tipografia-books/commits/master HTTP/1.1" 200 2139 "http://revisao.tipografiadigital.com.br/tipografia-books/tree/master/Freud-hedrabolso-4/" "Mozilla/5.0 (X11; Linux x86_64) AppleWebKit/537.31 (KHTML, like Gecko) Chrome/26.0.1410.63 Safari/537.31"
201.81.180.247 - - [06/Feb/2014:16:41:18 -0200] "GET /tipografia-books/commit/d0b9605b23ee4bb6626c60177f8fd4a4a1c1dea4 HTTP/1.1" 200 14936 "http://revisao.tipografiadigital.com.br/tipografia-books/commits/master" "Mozilla/5.0 (X11; Linux x86_64) AppleWebKit/537.31 (KHTML, like Gecko) Chrome/26.0.1410.63 Safari/537.31"
201.81.180.247 - - [06/Feb/2014:16:45:52 -0200] "GET /tipografia-books/commits/master HTTP/1.1" 200 2139 "http://revisao.tipografiadigital.com.br/tipografia-books/tree/master/Freud-hedrabolso-4/" "Mozilla/5.0 (X11; Linux x86_64) AppleWebKit/537.31 (KHTML, like Gecko) Chrome/26.0.1410.63 Safari/537.31"
201.81.180.247 - - [06/Feb/2014:16:45:59 -0200] "GET /tipografia-books/commits/master?page=1 HTTP/1.1" 200 1231 "http://revisao.tipografiadigital.com.br/tipografia-books/commits/master" "Mozilla/5.0 (X11; Linux x86_64) AppleWebKit/537.31 (KHTML, like Gecko) Chrome/26.0.1410.63 Safari/537.31"
177.102.9.103 - - [06/Feb/2014:21:04:46 -0200] "GET /admin HTTP/1.1" 404 676 "-" "Mozilla/5.0 (X11; Linux x86_64) AppleWebKit/537.36 (KHTML, like Gecko) Chrome/32.0.1700.77 Safari/537.36"
177.102.9.103 - - [06/Feb/2014:21:04:46 -0200] "GET /web/css/style.css HTTP/1.1" 200 18856 "http://revisao.tipografiadigital.com.br/admin" "Mozilla/5.0 (X11; Linux x86_64) AppleWebKit/537.36 (KHTML, like Gecko) Chrome/32.0.1700.77 Safari/537.36"
177.102.9.103 - - [06/Feb/2014:21:04:46 -0200] "GET /web/js/bootstrap.js HTTP/1.1" 200 6062 "http://revisao.tipografiadigital.com.br/admin" "Mozilla/5.0 (X11; Linux x86_64) AppleWebKit/537.36 (KHTML, like Gecko) Chrome/32.0.1700.77 Safari/537.36"
177.102.9.103 - - [06/Feb/2014:21:04:46 -0200] "GET /web/js/jquery.js HTTP/1.1" 200 37160 "http://revisao.tipografiadigital.com.br/admin" "Mozilla/5.0 (X11; Linux x86_64) AppleWebKit/537.36 (KHTML, like Gecko) Chrome/32.0.1700.77 Safari/537.36"
177.102.9.103 - - [06/Feb/2014:21:04:46 -0200] "GET /web/js/showdown.js HTTP/1.1" 200 3839 "http://revisao.tipografiadigital.com.br/admin" "Mozilla/5.0 (X11; Linux x86_64) AppleWebKit/537.36 (KHTML, like Gecko) Chrome/32.0.1700.77 Safari/537.36"
177.102.9.103 - - [06/Feb/2014:21:04:46 -0200] "GET /web/js/main.js HTTP/1.1" 200 526 "http://revisao.tipografiadigital.com.br/admin" "Mozilla/5.0 (X11; Linux x86_64) AppleWebKit/537.36 (KHTML, like Gecko) Chrome/32.0.1700.77 Safari/537.36"
177.102.9.103 - - [06/Feb/2014:21:04:47 -0200] "GET /web/js/codemirror.js HTTP/1.1" 200 84518 "http://revisao.tipografiadigital.com.br/admin" "Mozilla/5.0 (X11; Linux x86_64) AppleWebKit/537.36 (KHTML, like Gecko) Chrome/32.0.1700.77 Safari/537.36"
177.102.9.103 - - [06/Feb/2014:21:04:47 -0200] "GET /web/img/favicon.png HTTP/1.1" 200 884 "-" "Mozilla/5.0 (X11; Linux x86_64) AppleWebKit/537.36 (KHTML, like Gecko) Chrome/32.0.1700.77 Safari/537.36"
189.79.121.101 - - [07/Feb/2014:11:49:35 -0200] "GET / HTTP/1.1" 200 772 "-" "Mozilla/5.0 (X11; Linux x86_64) AppleWebKit/537.36 (KHTML, like Gecko) Chrome/32.0.1700.77 Safari/537.36"
189.79.79.186 - - [11/Feb/2014:09:50:37 -0200] "GET / HTTP/1.1" 200 772 "-" "Mozilla/5.0 (X11; Linux x86_64) AppleWebKit/537.36 (KHTML, like Gecko) Chrome/32.0.1700.107 Safari/537.36"
189.79.79.186 - - [11/Feb/2014:09:50:42 -0200] "GET /tipografia-books/ HTTP/1.1" 200 2255 "http://revisao.tipografiadigital.com.br/" "Mozilla/5.0 (X11; Linux x86_64) AppleWebKit/537.36 (KHTML, like Gecko) Chrome/32.0.1700.107 Safari/537.36"
189.79.79.186 - - [11/Feb/2014:10:10:52 -0200] "GET /tipografia-books/tree/master/A_certeza_do_agora-hedrabolso-19/ HTTP/1.1" 200 1769 "http://revisao.tipografiadigital.com.br/tipografia-books/" "Mozilla/5.0 (X11; Linux x86_64) AppleWebKit/537.36 (KHTML, like Gecko) Chrome/32.0.1700.107 Safari/537.36"
189.79.79.186 - - [11/Feb/2014:10:10:54 -0200] "GET /tipografia-books/blob/master/A_certeza_do_agora-hedrabolso-19/455f73d4-3a5d-cdd9-54ea-57c5b50e2160.pdf HTTP/1.1" 302 709 "http://revisao.tipografiadigital.com.br/tipografia-books/tree/master/A_certeza_do_agora-hedrabolso-19/" "Mozilla/5.0 (X11; Linux x86_64) AppleWebKit/537.36 (KHTML, like Gecko) Chrome/32.0.1700.107 Safari/537.36"
189.79.79.186 - - [11/Feb/2014:10:10:57 -0200] "GET /tipografia-books/raw/master/A_certeza_do_agora-hedrabolso-19/455f73d4-3a5d-cdd9-54ea-57c5b50e2160.pdf HTTP/1.1" 200 625936 "http://revisao.tipografiadigital.com.br/tipografia-books/tree/master/A_certeza_do_agora-hedrabolso-19/" "Mozilla/5.0 (X11; Linux x86_64) AppleWebKit/537.36 (KHTML, like Gecko) Chrome/32.0.1700.107 Safari/537.36"
189.79.79.186 - - [11/Feb/2014:10:10:58 -0200] "GET /tipografia-books/blob/master/A_certeza_do_agora-hedrabolso-19/CREDITOS.tex HTTP/1.1" 200 1955 "http://revisao.tipografiadigital.com.br/tipografia-books/tree/master/A_certeza_do_agora-hedrabolso-19/" "Mozilla/5.0 (X11; Linux x86_64) AppleWebKit/537.36 (KHTML, like Gecko) Chrome/32.0.1700.107 Safari/537.36"
189.79.79.186 - - [11/Feb/2014:10:11:03 -0200] "GET /tipografia-books/commits/master/A_certeza_do_agora-hedrabolso-19/CREDITOS.tex HTTP/1.1" 200 1331 "http://revisao.tipografiadigital.com.br/tipografia-books/blob/master/A_certeza_do_agora-hedrabolso-19/CREDITOS.tex" "Mozilla/5.0 (X11; Linux x86_64) AppleWebKit/537.36 (KHTML, like Gecko) Chrome/32.0.1700.107 Safari/537.36"
189.79.79.186 - - [11/Feb/2014:10:11:05 -0200] "GET /tipografia-books/commit/a0509c27ef03835a7e9da173b75f931c8fa1abb0 HTTP/1.1" 200 71881 "http://revisao.tipografiadigital.com.br/tipografia-books/commits/master/A_certeza_do_agora-hedrabolso-19/CREDITOS.tex" "Mozilla/5.0 (X11; Linux x86_64) AppleWebKit/537.36 (KHTML, like Gecko) Chrome/32.0.1700.107 Safari/537.36"
189.79.79.186 - - [11/Feb/2014:10:11:36 -0200] "GET /tipografia-books/master/ HTTP/1.1" 200 2255 "http://revisao.tipografiadigital.com.br/tipografia-books/commit/a0509c27ef03835a7e9da173b75f931c8fa1abb0" "Mozilla/5.0 (X11; Linux x86_64) AppleWebKit/537.36 (KHTML, like Gecko) Chrome/32.0.1700.107 Safari/537.36"
189.79.79.186 - - [11/Feb/2014:10:11:39 -0200] "GET /tipografia-books/tree/master/A_certeza_do_agora-hedrabolso-19/ HTTP/1.1" 200 1769 "http://revisao.tipografiadigital.com.br/tipografia-books/master/" "Mozilla/5.0 (X11; Linux x86_64) AppleWebKit/537.36 (KHTML, like Gecko) Chrome/32.0.1700.107 Safari/537.36"
189.79.79.186 - - [11/Feb/2014:11:38:01 -0200] "GET /tipografia-books/master/ HTTP/1.1" 200 91 "http://revisao.tipografiadigital.com.br/tipografia-books/commit/a0509c27ef03835a7e9da173b75f931c8fa1abb0" "Mozilla/5.0 (X11; Linux x86_64) AppleWebKit/537.36 (KHTML, like Gecko) Chrome/32.0.1700.107 Safari/537.36"
189.79.79.186 - - [11/Feb/2014:11:38:01 -0200] "GET /favicon.ico HTTP/1.1" 200 91 "-" "Mozilla/5.0 (X11; Linux x86_64) AppleWebKit/537.36 (KHTML, like Gecko) Chrome/32.0.1700.107 Safari/537.36"
189.79.79.186 - - [11/Feb/2014:11:38:03 -0200] "GET /tipografia-books/master/ HTTP/1.1" 200 91 "http://revisao.tipografiadigital.com.br/tipografia-books/commit/a0509c27ef03835a7e9da173b75f931c8fa1abb0" "Mozilla/5.0 (X11; Linux x86_64) AppleWebKit/537.36 (KHTML, like Gecko) Chrome/32.0.1700.107 Safari/537.36"
189.79.79.186 - - [11/Feb/2014:11:38:03 -0200] "GET /favicon.ico HTTP/1.1" 200 91 "-" "Mozilla/5.0 (X11; Linux x86_64) AppleWebKit/537.36 (KHTML, like Gecko) Chrome/32.0.1700.107 Safari/537.36"
189.79.79.186 - - [11/Feb/2014:11:42:05 -0200] "GET /tipografia-books/master/ HTTP/1.1" 200 91 "http://revisao.tipografiadigital.com.br/tipografia-books/commit/a0509c27ef03835a7e9da173b75f931c8fa1abb0" "Mozilla/5.0 (X11; Linux x86_64) AppleWebKit/537.36 (KHTML, like Gecko) Chrome/32.0.1700.107 Safari/537.36"
189.79.79.186 - - [11/Feb/2014:11:42:05 -0200] "GET /favicon.ico HTTP/1.1" 200 91 "-" "Mozilla/5.0 (X11; Linux x86_64) AppleWebKit/537.36 (KHTML, like Gecko) Chrome/32.0.1700.107 Safari/537.36"
189.79.79.186 - - [11/Feb/2014:11:47:23 -0200] "GET /tipografia-books/master/ HTTP/1.1" 200 91 "http://revisao.tipografiadigital.com.br/tipografia-books/commit/a0509c27ef03835a7e9da173b75f931c8fa1abb0" "Mozilla/5.0 (X11; Linux x86_64) AppleWebKit/537.36 (KHTML, like Gecko) Chrome/32.0.1700.107 Safari/537.36"
189.79.79.186 - - [11/Feb/2014:11:47:24 -0200] "GET /favicon.ico HTTP/1.1" 200 91 "-" "Mozilla/5.0 (X11; Linux x86_64) AppleWebKit/537.36 (KHTML, like Gecko) Chrome/32.0.1700.107 Safari/537.36"
189.79.79.186 - - [11/Feb/2014:11:47:25 -0200] "GET /tipografia-books/master/ HTTP/1.1" 200 91 "http://revisao.tipografiadigital.com.br/tipografia-books/commit/a0509c27ef03835a7e9da173b75f931c8fa1abb0" "Mozilla/5.0 (X11; Linux x86_64) AppleWebKit/537.36 (KHTML, like Gecko) Chrome/32.0.1700.107 Safari/537.36"
189.79.79.186 - - [11/Feb/2014:11:47:25 -0200] "GET /favicon.ico HTTP/1.1" 200 91 "-" "Mozilla/5.0 (X11; Linux x86_64) AppleWebKit/537.36 (KHTML, like Gecko) Chrome/32.0.1700.107 Safari/537.36"
189.79.79.186 - - [11/Feb/2014:11:48:10 -0200] "GET / HTTP/1.1" 200 91 "-" "Mozilla/5.0 (X11; Linux x86_64) AppleWebKit/537.36 (KHTML, like Gecko) Chrome/32.0.1700.107 Safari/537.36"
189.79.79.186 - - [11/Feb/2014:11:48:10 -0200] "GET /favicon.ico HTTP/1.1" 200 91 "-" "Mozilla/5.0 (X11; Linux x86_64) AppleWebKit/537.36 (KHTML, like Gecko) Chrome/32.0.1700.107 Safari/537.36"
189.79.79.186 - - [11/Feb/2014:11:48:12 -0200] "GET / HTTP/1.1" 200 91 "-" "Mozilla/5.0 (X11; Linux x86_64) AppleWebKit/537.36 (KHTML, like Gecko) Chrome/32.0.1700.107 Safari/537.36"
189.79.79.186 - - [11/Feb/2014:11:48:12 -0200] "GET /favicon.ico HTTP/1.1" 200 91 "-" "Mozilla/5.0 (X11; Linux x86_64) AppleWebKit/537.36 (KHTML, like Gecko) Chrome/32.0.1700.107 Safari/537.36"
189.79.79.186 - - [11/Feb/2014:11:48:13 -0200] "GET / HTTP/1.1" 200 91 "-" "Mozilla/5.0 (X11; Linux x86_64) AppleWebKit/537.36 (KHTML, like Gecko) Chrome/32.0.1700.107 Safari/537.36"
189.79.79.186 - - [11/Feb/2014:11:48:13 -0200] "GET /favicon.ico HTTP/1.1" 200 91 "-" "Mozilla/5.0 (X11; Linux x86_64) AppleWebKit/537.36 (KHTML, like Gecko) Chrome/32.0.1700.107 Safari/537.36"
189.79.79.186 - - [11/Feb/2014:11:48:15 -0200] "GET /favicon.ico HTTP/1.1" 200 91 "-" "Mozilla/5.0 (X11; Linux x86_64) AppleWebKit/537.36 (KHTML, like Gecko) Chrome/32.0.1700.107 Safari/537.36"
189.79.79.186 - - [11/Feb/2014:11:48:34 -0200] "GET /Lorem_Ipsum-aprimeiraopcao-1 HTTP/1.1" 200 91 "-" "Mozilla/5.0 (X11; Linux x86_64) AppleWebKit/537.36 (KHTML, like Gecko) Chrome/32.0.1700.107 Safari/537.36"
189.79.79.186 - - [11/Feb/2014:11:48:34 -0200] "GET /favicon.ico HTTP/1.1" 200 91 "-" "Mozilla/5.0 (X11; Linux x86_64) AppleWebKit/537.36 (KHTML, like Gecko) Chrome/32.0.1700.107 Safari/537.36"
189.79.79.186 - - [11/Feb/2014:11:48:39 -0200] "GET /favicon.ico HTTP/1.1" 200 91 "-" "Mozilla/5.0 (X11; Linux x86_64) AppleWebKit/537.36 (KHTML, like Gecko) Chrome/32.0.1700.107 Safari/537.36"
189.79.79.186 - - [11/Feb/2014:11:49:43 -0200] "GET / HTTP/1.1" 200 91 "-" "Mozilla/5.0 (X11; Linux x86_64) AppleWebKit/537.36 (KHTML, like Gecko) Chrome/32.0.1700.107 Safari/537.36"
189.79.79.186 - - [11/Feb/2014:11:49:44 -0200] "GET /favicon.ico HTTP/1.1" 200 91 "-" "Mozilla/5.0 (X11; Linux x86_64) AppleWebKit/537.36 (KHTML, like Gecko) Chrome/32.0.1700.107 Safari/537.36"
189.79.79.186 - - [11/Feb/2014:11:49:45 -0200] "GET / HTTP/1.1" 200 91 "-" "Mozilla/5.0 (X11; Linux x86_64) AppleWebKit/537.36 (KHTML, like Gecko) Chrome/32.0.1700.107 Safari/537.36"
189.79.79.186 - - [11/Feb/2014:11:49:45 -0200] "GET /favicon.ico HTTP/1.1" 200 91 "-" "Mozilla/5.0 (X11; Linux x86_64) AppleWebKit/537.36 (KHTML, like Gecko) Chrome/32.0.1700.107 Safari/537.36"
189.79.79.186 - - [11/Feb/2014:11:51:37 -0200] "GET / HTTP/1.1" 200 91 "-" "Mozilla/5.0 (X11; Linux x86_64) AppleWebKit/537.36 (KHTML, like Gecko) Chrome/32.0.1700.107 Safari/537.36"
189.79.79.186 - - [11/Feb/2014:11:51:37 -0200] "GET /favicon.ico HTTP/1.1" 200 91 "-" "Mozilla/5.0 (X11; Linux x86_64) AppleWebKit/537.36 (KHTML, like Gecko) Chrome/32.0.1700.107 Safari/537.36"
189.79.79.186 - - [11/Feb/2014:11:51:38 -0200] "GET / HTTP/1.1" 200 91 "-" "Mozilla/5.0 (X11; Linux x86_64) AppleWebKit/537.36 (KHTML, like Gecko) Chrome/32.0.1700.107 Safari/537.36"
189.79.79.186 - - [11/Feb/2014:11:51:39 -0200] "GET /favicon.ico HTTP/1.1" 200 91 "-" "Mozilla/5.0 (X11; Linux x86_64) AppleWebKit/537.36 (KHTML, like Gecko) Chrome/32.0.1700.107 Safari/537.36"
189.79.79.186 - - [11/Feb/2014:11:53:30 -0200] "GET / HTTP/1.1" 200 91 "-" "Mozilla/5.0 (X11; Linux x86_64) AppleWebKit/537.36 (KHTML, like Gecko) Chrome/32.0.1700.107 Safari/537.36"
189.79.79.186 - - [11/Feb/2014:11:53:30 -0200] "GET /favicon.ico HTTP/1.1" 200 91 "-" "Mozilla/5.0 (X11; Linux x86_64) AppleWebKit/537.36 (KHTML, like Gecko) Chrome/32.0.1700.107 Safari/537.36"
189.79.79.186 - - [11/Feb/2014:11:54:03 -0200] "GET / HTTP/1.1" 200 818 "-" "Mozilla/5.0 (X11; Linux x86_64) AppleWebKit/537.36 (KHTML, like Gecko) Chrome/32.0.1700.107 Safari/537.36"
189.79.79.186 - - [11/Feb/2014:11:54:03 -0200] "GET /web/js/jquery.js HTTP/1.1" 304 0 "http://revisao.tipografiadigital.com.br/" "Mozilla/5.0 (X11; Linux x86_64) AppleWebKit/537.36 (KHTML, like Gecko) Chrome/32.0.1700.107 Safari/537.36"
189.79.79.186 - - [11/Feb/2014:11:54:03 -0200] "GET /web/css/style.css HTTP/1.1" 304 0 "http://revisao.tipografiadigital.com.br/" "Mozilla/5.0 (X11; Linux x86_64) AppleWebKit/537.36 (KHTML, like Gecko) Chrome/32.0.1700.107 Safari/537.36"
189.79.79.186 - - [11/Feb/2014:11:54:04 -0200] "GET /web/js/bootstrap.js HTTP/1.1" 304 0 "http://revisao.tipografiadigital.com.br/" "Mozilla/5.0 (X11; Linux x86_64) AppleWebKit/537.36 (KHTML, like Gecko) Chrome/32.0.1700.107 Safari/537.36"
189.79.79.186 - - [11/Feb/2014:11:54:04 -0200] "GET /web/js/codemirror.js HTTP/1.1" 304 0 "http://revisao.tipografiadigital.com.br/" "Mozilla/5.0 (X11; Linux x86_64) AppleWebKit/537.36 (KHTML, like Gecko) Chrome/32.0.1700.107 Safari/537.36"
189.79.79.186 - - [11/Feb/2014:11:54:04 -0200] "GET /web/js/showdown.js HTTP/1.1" 304 0 "http://revisao.tipografiadigital.com.br/" "Mozilla/5.0 (X11; Linux x86_64) AppleWebKit/537.36 (KHTML, like Gecko) Chrome/32.0.1700.107 Safari/537.36"
189.79.79.186 - - [11/Feb/2014:11:54:04 -0200] "GET /web/js/main.js HTTP/1.1" 304 0 "http://revisao.tipografiadigital.com.br/" "Mozilla/5.0 (X11; Linux x86_64) AppleWebKit/537.36 (KHTML, like Gecko) Chrome/32.0.1700.107 Safari/537.36"
189.79.79.186 - - [11/Feb/2014:11:54:04 -0200] "GET /web/img/feed.png HTTP/1.1" 304 0 "http://revisao.tipografiadigital.com.br/" "Mozilla/5.0 (X11; Linux x86_64) AppleWebKit/537.36 (KHTML, like Gecko) Chrome/32.0.1700.107 Safari/537.36"
189.79.79.186 - - [11/Feb/2014:11:54:04 -0200] "GET /web/img/glyphicons-halflings.png HTTP/1.1" 304 0 "http://revisao.tipografiadigital.com.br/" "Mozilla/5.0 (X11; Linux x86_64) AppleWebKit/537.36 (KHTML, like Gecko) Chrome/32.0.1700.107 Safari/537.36"
189.79.79.186 - - [11/Feb/2014:11:54:06 -0200] "GET /Lorem_Ipsum-aprimeiraopcao-1/ HTTP/1.1" 200 1478 "http://revisao.tipografiadigital.com.br/" "Mozilla/5.0 (X11; Linux x86_64) AppleWebKit/537.36 (KHTML, like Gecko) Chrome/32.0.1700.107 Safari/537.36"
189.79.79.186 - - [11/Feb/2014:11:54:35 -0200] "GET / HTTP/1.1" 200 818 "-" "Mozilla/5.0 (X11; Linux x86_64) AppleWebKit/537.36 (KHTML, like Gecko) Chrome/32.0.1700.107 Safari/537.36"
189.79.79.186 - - [11/Feb/2014:11:54:36 -0200] "GET /web/js/showdown.js HTTP/1.1" 304 0 "http://revisao.tipografiadigital.com.br/" "Mozilla/5.0 (X11; Linux x86_64) AppleWebKit/537.36 (KHTML, like Gecko) Chrome/32.0.1700.107 Safari/537.36"
189.79.79.186 - - [11/Feb/2014:11:54:36 -0200] "GET /web/js/codemirror.js HTTP/1.1" 304 0 "http://revisao.tipografiadigital.com.br/" "Mozilla/5.0 (X11; Linux x86_64) AppleWebKit/537.36 (KHTML, like Gecko) Chrome/32.0.1700.107 Safari/537.36"
189.79.79.186 - - [11/Feb/2014:11:54:36 -0200] "GET /web/css/style.css HTTP/1.1" 304 0 "http://revisao.tipografiadigital.com.br/" "Mozilla/5.0 (X11; Linux x86_64) AppleWebKit/537.36 (KHTML, like Gecko) Chrome/32.0.1700.107 Safari/537.36"
189.79.79.186 - - [11/Feb/2014:11:54:36 -0200] "GET /web/js/main.js HTTP/1.1" 304 0 "http://revisao.tipografiadigital.com.br/" "Mozilla/5.0 (X11; Linux x86_64) AppleWebKit/537.36 (KHTML, like Gecko) Chrome/32.0.1700.107 Safari/537.36"
189.79.79.186 - - [11/Feb/2014:11:54:36 -0200] "GET /web/js/jquery.js HTTP/1.1" 304 0 "http://revisao.tipografiadigital.com.br/" "Mozilla/5.0 (X11; Linux x86_64) AppleWebKit/537.36 (KHTML, like Gecko) Chrome/32.0.1700.107 Safari/537.36"
189.79.79.186 - - [11/Feb/2014:11:54:36 -0200] "GET /web/js/bootstrap.js HTTP/1.1" 304 0 "http://revisao.tipografiadigital.com.br/" "Mozilla/5.0 (X11; Linux x86_64) AppleWebKit/537.36 (KHTML, like Gecko) Chrome/32.0.1700.107 Safari/537.36"
189.79.79.186 - - [11/Feb/2014:11:55:07 -0200] "GET / HTTP/1.1" 200 818 "-" "Mozilla/5.0 (X11; Linux x86_64) AppleWebKit/537.36 (KHTML, like Gecko) Chrome/32.0.1700.107 Safari/537.36"
189.79.79.186 - - [11/Feb/2014:11:55:07 -0200] "GET /web/js/main.js HTTP/1.1" 304 0 "http://revisao.tipografiadigital.com.br/" "Mozilla/5.0 (X11; Linux x86_64) AppleWebKit/537.36 (KHTML, like Gecko) Chrome/32.0.1700.107 Safari/537.36"
189.79.79.186 - - [11/Feb/2014:11:55:07 -0200] "GET /web/js/showdown.js HTTP/1.1" 304 0 "http://revisao.tipografiadigital.com.br/" "Mozilla/5.0 (X11; Linux x86_64) AppleWebKit/537.36 (KHTML, like Gecko) Chrome/32.0.1700.107 Safari/537.36"
189.79.79.186 - - [11/Feb/2014:11:55:07 -0200] "GET /web/css/style.css HTTP/1.1" 304 0 "http://revisao.tipografiadigital.com.br/" "Mozilla/5.0 (X11; Linux x86_64) AppleWebKit/537.36 (KHTML, like Gecko) Chrome/32.0.1700.107 Safari/537.36"
189.79.79.186 - - [11/Feb/2014:11:55:07 -0200] "GET /web/js/codemirror.js HTTP/1.1" 304 0 "http://revisao.tipografiadigital.com.br/" "Mozilla/5.0 (X11; Linux x86_64) AppleWebKit/537.36 (KHTML, like Gecko) Chrome/32.0.1700.107 Safari/537.36"
